Archive member included to satisfy reference by file (symbol)

c:/st/stm32cubeide_1.3.0/stm32cubeide/plugins/com.st.stm32cube.ide.mcu.externaltools.gnu-tools-for-stm32.7-2018-q2-update.win32_1.4.0.202007081208/tools/bin/../lib/gcc/arm-none-eabi/7.3.1/../../../../arm-none-eabi/lib/thumb/v7e-m/fpv5/hard\libc_nano.a(lib_a-exit.o)
                              c:/st/stm32cubeide_1.3.0/stm32cubeide/plugins/com.st.stm32cube.ide.mcu.externaltools.gnu-tools-for-stm32.7-2018-q2-update.win32_1.4.0.202007081208/tools/bin/../lib/gcc/arm-none-eabi/7.3.1/../../../../arm-none-eabi/lib/thumb/v7e-m/fpv5/hard/crt0.o (exit)
c:/st/stm32cubeide_1.3.0/stm32cubeide/plugins/com.st.stm32cube.ide.mcu.externaltools.gnu-tools-for-stm32.7-2018-q2-update.win32_1.4.0.202007081208/tools/bin/../lib/gcc/arm-none-eabi/7.3.1/../../../../arm-none-eabi/lib/thumb/v7e-m/fpv5/hard\libc_nano.a(lib_a-impure.o)
                              c:/st/stm32cubeide_1.3.0/stm32cubeide/plugins/com.st.stm32cube.ide.mcu.externaltools.gnu-tools-for-stm32.7-2018-q2-update.win32_1.4.0.202007081208/tools/bin/../lib/gcc/arm-none-eabi/7.3.1/../../../../arm-none-eabi/lib/thumb/v7e-m/fpv5/hard\libc_nano.a(lib_a-exit.o) (_global_impure_ptr)
c:/st/stm32cubeide_1.3.0/stm32cubeide/plugins/com.st.stm32cube.ide.mcu.externaltools.gnu-tools-for-stm32.7-2018-q2-update.win32_1.4.0.202007081208/tools/bin/../lib/gcc/arm-none-eabi/7.3.1/../../../../arm-none-eabi/lib/thumb/v7e-m/fpv5/hard\libc_nano.a(lib_a-init.o)
                              c:/st/stm32cubeide_1.3.0/stm32cubeide/plugins/com.st.stm32cube.ide.mcu.externaltools.gnu-tools-for-stm32.7-2018-q2-update.win32_1.4.0.202007081208/tools/bin/../lib/gcc/arm-none-eabi/7.3.1/../../../../arm-none-eabi/lib/thumb/v7e-m/fpv5/hard/crt0.o (__libc_init_array)
c:/st/stm32cubeide_1.3.0/stm32cubeide/plugins/com.st.stm32cube.ide.mcu.externaltools.gnu-tools-for-stm32.7-2018-q2-update.win32_1.4.0.202007081208/tools/bin/../lib/gcc/arm-none-eabi/7.3.1/../../../../arm-none-eabi/lib/thumb/v7e-m/fpv5/hard\libc_nano.a(lib_a-memcpy-stub.o)
                              Middlewares/FreeRTOS/queue.o (memcpy)
c:/st/stm32cubeide_1.3.0/stm32cubeide/plugins/com.st.stm32cube.ide.mcu.externaltools.gnu-tools-for-stm32.7-2018-q2-update.win32_1.4.0.202007081208/tools/bin/../lib/gcc/arm-none-eabi/7.3.1/../../../../arm-none-eabi/lib/thumb/v7e-m/fpv5/hard\libc_nano.a(lib_a-memset.o)
                              c:/st/stm32cubeide_1.3.0/stm32cubeide/plugins/com.st.stm32cube.ide.mcu.externaltools.gnu-tools-for-stm32.7-2018-q2-update.win32_1.4.0.202007081208/tools/bin/../lib/gcc/arm-none-eabi/7.3.1/../../../../arm-none-eabi/lib/thumb/v7e-m/fpv5/hard/crt0.o (memset)
c:/st/stm32cubeide_1.3.0/stm32cubeide/plugins/com.st.stm32cube.ide.mcu.externaltools.gnu-tools-for-stm32.7-2018-q2-update.win32_1.4.0.202007081208/tools/bin/../lib/gcc/arm-none-eabi/7.3.1/thumb/v7e-m/fpv5/hard\libgcc.a(_aeabi_ldivmod.o)
                              Drivers/STM32H7xx_HAL_Driver/stm32h7xx_hal_uart.o (__aeabi_ldivmod)
c:/st/stm32cubeide_1.3.0/stm32cubeide/plugins/com.st.stm32cube.ide.mcu.externaltools.gnu-tools-for-stm32.7-2018-q2-update.win32_1.4.0.202007081208/tools/bin/../lib/gcc/arm-none-eabi/7.3.1/thumb/v7e-m/fpv5/hard\libgcc.a(_aeabi_uldivmod.o)
                              Drivers/STM32H7xx_HAL_Driver/stm32h7xx_hal_uart.o (__aeabi_uldivmod)
c:/st/stm32cubeide_1.3.0/stm32cubeide/plugins/com.st.stm32cube.ide.mcu.externaltools.gnu-tools-for-stm32.7-2018-q2-update.win32_1.4.0.202007081208/tools/bin/../lib/gcc/arm-none-eabi/7.3.1/thumb/v7e-m/fpv5/hard\libgcc.a(_udivmoddi4.o)
                              c:/st/stm32cubeide_1.3.0/stm32cubeide/plugins/com.st.stm32cube.ide.mcu.externaltools.gnu-tools-for-stm32.7-2018-q2-update.win32_1.4.0.202007081208/tools/bin/../lib/gcc/arm-none-eabi/7.3.1/thumb/v7e-m/fpv5/hard\libgcc.a(_aeabi_ldivmod.o) (__udivmoddi4)
c:/st/stm32cubeide_1.3.0/stm32cubeide/plugins/com.st.stm32cube.ide.mcu.externaltools.gnu-tools-for-stm32.7-2018-q2-update.win32_1.4.0.202007081208/tools/bin/../lib/gcc/arm-none-eabi/7.3.1/thumb/v7e-m/fpv5/hard\libgcc.a(_dvmd_tls.o)
                              c:/st/stm32cubeide_1.3.0/stm32cubeide/plugins/com.st.stm32cube.ide.mcu.externaltools.gnu-tools-for-stm32.7-2018-q2-update.win32_1.4.0.202007081208/tools/bin/../lib/gcc/arm-none-eabi/7.3.1/thumb/v7e-m/fpv5/hard\libgcc.a(_aeabi_ldivmod.o) (__aeabi_ldiv0)
c:/st/stm32cubeide_1.3.0/stm32cubeide/plugins/com.st.stm32cube.ide.mcu.externaltools.gnu-tools-for-stm32.7-2018-q2-update.win32_1.4.0.202007081208/tools/bin/../lib/gcc/arm-none-eabi/7.3.1/../../../../arm-none-eabi/lib/thumb/v7e-m/fpv5/hard\libnosys.a(_exit.o)
                              c:/st/stm32cubeide_1.3.0/stm32cubeide/plugins/com.st.stm32cube.ide.mcu.externaltools.gnu-tools-for-stm32.7-2018-q2-update.win32_1.4.0.202007081208/tools/bin/../lib/gcc/arm-none-eabi/7.3.1/../../../../arm-none-eabi/lib/thumb/v7e-m/fpv5/hard\libc_nano.a(lib_a-exit.o) (_exit)

Allocating common symbols
Common symbol       size              file

[...]
Memory Configuration

Name             Origin             Length             Attributes
DTCMRAM          0x0000000020000000 0x0000000000020000 xrw
RAM_D1           0x0000000024000000 0x0000000000080000 xrw
RAM_D2           0x0000000030000000 0x0000000000048000 xrw
RAM_D3           0x0000000038000000 0x0000000000010000 xrw
ITCMRAM          0x0000000000000000 0x0000000000010000 xrw
FLASH            0x0000000008000000 0x0000000000200000 xr
*default*        0x0000000000000000 0xffffffffffffffff

Linker script and memory map

LOAD c:/st/stm32cubeide_1.3.0/stm32cubeide/plugins/com.st.stm32cube.ide.mcu.externaltools.gnu-tools-for-stm32.7-2018-q2-update.win32_1.4.0.202007081208/tools/bin/../lib/gcc/arm-none-eabi/7.3.1/thumb/v7e-m/fpv5/hard/crti.o
LOAD c:/st/stm32cubeide_1.3.0/stm32cubeide/plugins/com.st.stm32cube.ide.mcu.externaltools.gnu-tools-for-stm32.7-2018-q2-update.win32_1.4.0.202007081208/tools/bin/../lib/gcc/arm-none-eabi/7.3.1/thumb/v7e-m/fpv5/hard/crtbegin.o
LOAD c:/st/stm32cubeide_1.3.0/stm32cubeide/plugins/com.st.stm32cube.ide.mcu.externaltools.gnu-tools-for-stm32.7-2018-q2-update.win32_1.4.0.202007081208/tools/bin/../lib/gcc/arm-none-eabi/7.3.1/../../../../arm-none-eabi/lib/thumb/v7e-m/fpv5/hard/crt0.o
LOAD Application/SW4STM32/startup_stm32h743xx.o
LOAD Application/User/main.o
LOAD Application/User/stm32h7xx_hal_timebase_tim.o
LOAD Application/User/stm32h7xx_it.o
LOAD Drivers/BSP/STM32H7xx_Nucleo/stm32h7xx_nucleo.o
LOAD Drivers/CMSIS/system_stm32h7xx.o
LOAD Drivers/STM32H7xx_HAL_Driver/stm32h7xx_hal.o
LOAD Drivers/STM32H7xx_HAL_Driver/stm32h7xx_hal_adc.o
LOAD Drivers/STM32H7xx_HAL_Driver/stm32h7xx_hal_adc_ex.o
LOAD Drivers/STM32H7xx_HAL_Driver/stm32h7xx_hal_cortex.o
LOAD Drivers/STM32H7xx_HAL_Driver/stm32h7xx_hal_dma.o
LOAD Drivers/STM32H7xx_HAL_Driver/stm32h7xx_hal_dma_ex.o
LOAD Drivers/STM32H7xx_HAL_Driver/stm32h7xx_hal_exti.o
LOAD Drivers/STM32H7xx_HAL_Driver/stm32h7xx_hal_gpio.o
LOAD Drivers/STM32H7xx_HAL_Driver/stm32h7xx_hal_i2c.o
LOAD Drivers/STM32H7xx_HAL_Driver/stm32h7xx_hal_i2c_ex.o
LOAD Drivers/STM32H7xx_HAL_Driver/stm32h7xx_hal_pwr.o
LOAD Drivers/STM32H7xx_HAL_Driver/stm32h7xx_hal_pwr_ex.o
LOAD Drivers/STM32H7xx_HAL_Driver/stm32h7xx_hal_rcc.o
LOAD Drivers/STM32H7xx_HAL_Driver/stm32h7xx_hal_rcc_ex.o
LOAD Drivers/STM32H7xx_HAL_Driver/stm32h7xx_hal_tim.o
LOAD Drivers/STM32H7xx_HAL_Driver/stm32h7xx_hal_tim_ex.o
LOAD Drivers/STM32H7xx_HAL_Driver/stm32h7xx_hal_uart.o
LOAD Drivers/STM32H7xx_HAL_Driver/stm32h7xx_hal_uart_ex.o
LOAD Middlewares/FreeRTOS/CMSIS-RTOS/cmsis_os.o
LOAD Middlewares/FreeRTOS/croutine.o
LOAD Middlewares/FreeRTOS/event_groups.o
LOAD Middlewares/FreeRTOS/list.o
LOAD Middlewares/FreeRTOS/queue.o
LOAD Middlewares/FreeRTOS/tasks.o
LOAD Middlewares/FreeRTOS/timers.o
LOAD Middlewares/FreeRTOS/portable/heap_4.o
LOAD Middlewares/FreeRTOS/portable/port.o
START GROUP
LOAD c:/st/stm32cubeide_1.3.0/stm32cubeide/plugins/com.st.stm32cube.ide.mcu.externaltools.gnu-tools-for-stm32.7-2018-q2-update.win32_1.4.0.202007081208/tools/bin/../lib/gcc/arm-none-eabi/7.3.1/../../../../arm-none-eabi/lib/thumb/v7e-m/fpv5/hard\libc_nano.a
LOAD c:/st/stm32cubeide_1.3.0/stm32cubeide/plugins/com.st.stm32cube.ide.mcu.externaltools.gnu-tools-for-stm32.7-2018-q2-update.win32_1.4.0.202007081208/tools/bin/../lib/gcc/arm-none-eabi/7.3.1/../../../../arm-none-eabi/lib/thumb/v7e-m/fpv5/hard\libm.a
END GROUP
START GROUP
LOAD c:/st/stm32cubeide_1.3.0/stm32cubeide/plugins/com.st.stm32cube.ide.mcu.externaltools.gnu-tools-for-stm32.7-2018-q2-update.win32_1.4.0.202007081208/tools/bin/../lib/gcc/arm-none-eabi/7.3.1/thumb/v7e-m/fpv5/hard\libgcc.a
LOAD c:/st/stm32cubeide_1.3.0/stm32cubeide/plugins/com.st.stm32cube.ide.mcu.externaltools.gnu-tools-for-stm32.7-2018-q2-update.win32_1.4.0.202007081208/tools/bin/../lib/gcc/arm-none-eabi/7.3.1/../../../../arm-none-eabi/lib/thumb/v7e-m/fpv5/hard\libc_nano.a
END GROUP
START GROUP
LOAD c:/st/stm32cubeide_1.3.0/stm32cubeide/plugins/com.st.stm32cube.ide.mcu.externaltools.gnu-tools-for-stm32.7-2018-q2-update.win32_1.4.0.202007081208/tools/bin/../lib/gcc/arm-none-eabi/7.3.1/thumb/v7e-m/fpv5/hard\libgcc.a
LOAD c:/st/stm32cubeide_1.3.0/stm32cubeide/plugins/com.st.stm32cube.ide.mcu.externaltools.gnu-tools-for-stm32.7-2018-q2-update.win32_1.4.0.202007081208/tools/bin/../lib/gcc/arm-none-eabi/7.3.1/../../../../arm-none-eabi/lib/thumb/v7e-m/fpv5/hard\libc_nano.a
LOAD c:/st/stm32cubeide_1.3.0/stm32cubeide/plugins/com.st.stm32cube.ide.mcu.externaltools.gnu-tools-for-stm32.7-2018-q2-update.win32_1.4.0.202007081208/tools/bin/../lib/gcc/arm-none-eabi/7.3.1/../../../../arm-none-eabi/lib/thumb/v7e-m/fpv5/hard\libnosys.a
END GROUP
START GROUP
LOAD c:/st/stm32cubeide_1.3.0/stm32cubeide/plugins/com.st.stm32cube.ide.mcu.externaltools.gnu-tools-for-stm32.7-2018-q2-update.win32_1.4.0.202007081208/tools/bin/../lib/gcc/arm-none-eabi/7.3.1/thumb/v7e-m/fpv5/hard\libgcc.a
LOAD c:/st/stm32cubeide_1.3.0/stm32cubeide/plugins/com.st.stm32cube.ide.mcu.externaltools.gnu-tools-for-stm32.7-2018-q2-update.win32_1.4.0.202007081208/tools/bin/../lib/gcc/arm-none-eabi/7.3.1/../../../../arm-none-eabi/lib/thumb/v7e-m/fpv5/hard\libc_nano.a
LOAD c:/st/stm32cubeide_1.3.0/stm32cubeide/plugins/com.st.stm32cube.ide.mcu.externaltools.gnu-tools-for-stm32.7-2018-q2-update.win32_1.4.0.202007081208/tools/bin/../lib/gcc/arm-none-eabi/7.3.1/../../../../arm-none-eabi/lib/thumb/v7e-m/fpv5/hard\libnosys.a
END GROUP
LOAD c:/st/stm32cubeide_1.3.0/stm32cubeide/plugins/com.st.stm32cube.ide.mcu.externaltools.gnu-tools-for-stm32.7-2018-q2-update.win32_1.4.0.202007081208/tools/bin/../lib/gcc/arm-none-eabi/7.3.1/thumb/v7e-m/fpv5/hard/crtend.o
LOAD c:/st/stm32cubeide_1.3.0/stm32cubeide/plugins/com.st.stm32cube.ide.mcu.externaltools.gnu-tools-for-stm32.7-2018-q2-update.win32_1.4.0.202007081208/tools/bin/../lib/gcc/arm-none-eabi/7.3.1/thumb/v7e-m/fpv5/hard/crtn.o
                0x0000000020020000                _estack = 0x20020000
                0x0000000000000200                _Min_Heap_Size = 0x200
                0x0000000000000400                _Min_Stack_Size = 0x400

.isr_vector     0x0000000008000000      0x298
                0x0000000008000000                . = ALIGN (0x4)
 *(.isr_vector)
 .isr_vector    0x0000000008000000      0x298 Application/SW4STM32/startup_stm32h743xx.o
                0x0000000008000000                g_pfnVectors
                0x0000000008000298                . = ALIGN (0x4)

.text           0x00000000080002a0     0x2a84
                0x00000000080002a0                . = ALIGN (0x4)
 *(.text)
 .text          0x00000000080002a0       0x40 c:/st/stm32cubeide_1.3.0/stm32cubeide/plugins/com.st.stm32cube.ide.mcu.externaltools.gnu-tools-for-stm32.7-2018-q2-update.win32_1.4.0.202007081208/tools/bin/../lib/gcc/arm-none-eabi/7.3.1/thumb/v7e-m/fpv5/hard/crtbegin.o
 *(.text*)
 .text.Reset_Handler
                0x00000000080002e0       0x50 Application/SW4STM32/startup_stm32h743xx.o
                0x00000000080002e0                Reset_Handler
 .text.Default_Handler
                0x0000000008000330        0x2 Application/SW4STM32/startup_stm32h743xx.o
                0x0000000008000330                RTC_Alarm_IRQHandler
                0x0000000008000330                EXTI2_IRQHandler
                0x0000000008000330                TIM8_CC_IRQHandler
                0x0000000008000330                HRTIM1_Master_IRQHandler
                0x0000000008000330                UART8_IRQHandler
                0x0000000008000330                SPI4_IRQHandler
                0x0000000008000330                TIM1_CC_IRQHandler
                0x0000000008000330                BDMA_Channel6_IRQHandler
                0x0000000008000330                DMA2_Stream5_IRQHandler
                0x0000000008000330                HRTIM1_FLT_IRQHandler
                0x0000000008000330                JPEG_IRQHandler
                0x0000000008000330                DMA1_Stream5_IRQHandler
                0x0000000008000330                BDMA_Channel1_IRQHandler
                0x0000000008000330                HRTIM1_TIMD_IRQHandler
                0x0000000008000330                TAMP_STAMP_IRQHandler
                0x0000000008000330                EXTI3_IRQHandler
                0x0000000008000330                LPTIM4_IRQHandler
                0x0000000008000330                TIM8_TRG_COM_TIM14_IRQHandler
                0x0000000008000330                LPTIM2_IRQHandler
                0x0000000008000330                DFSDM1_FLT1_IRQHandler
                0x0000000008000330                DMAMUX2_OVR_IRQHandler
                0x0000000008000330                TIM8_UP_TIM13_IRQHandler
                0x0000000008000330                I2C3_ER_IRQHandler
                0x0000000008000330                DFSDM1_FLT2_IRQHandler
                0x0000000008000330                MDMA_IRQHandler
                0x0000000008000330                LPTIM3_IRQHandler
                0x0000000008000330                HSEM1_IRQHandler
                0x0000000008000330                EXTI0_IRQHandler
                0x0000000008000330                I2C2_EV_IRQHandler
                0x0000000008000330                DMA1_Stream2_IRQHandler
                0x0000000008000330                FPU_IRQHandler
                0x0000000008000330                OTG_HS_WKUP_IRQHandler
                0x0000000008000330                FDCAN1_IT1_IRQHandler
                0x0000000008000330                LTDC_ER_IRQHandler
                0x0000000008000330                DMA2_Stream2_IRQHandler
                0x0000000008000330                HRTIM1_TIME_IRQHandler
                0x0000000008000330                SPI1_IRQHandler
                0x0000000008000330                DCMI_IRQHandler
                0x0000000008000330                HRTIM1_TIMC_IRQHandler
                0x0000000008000330                DMA2_Stream3_IRQHandler
                0x0000000008000330                SAI2_IRQHandler
                0x0000000008000330                DFSDM1_FLT3_IRQHandler
                0x0000000008000330                USART6_IRQHandler
                0x0000000008000330                TIM17_IRQHandler
                0x0000000008000330                USART3_IRQHandler
                0x0000000008000330                BDMA_Channel7_IRQHandler
                0x0000000008000330                LPTIM5_IRQHandler
                0x0000000008000330                UART5_IRQHandler
                0x0000000008000330                ADC3_IRQHandler
                0x0000000008000330                DMA2_Stream0_IRQHandler
                0x0000000008000330                TIM4_IRQHandler
                0x0000000008000330                BDMA_Channel2_IRQHandler
                0x0000000008000330                QUADSPI_IRQHandler
                0x0000000008000330                I2C1_EV_IRQHandler
                0x0000000008000330                DMA1_Stream6_IRQHandler
                0x0000000008000330                DMAMUX1_OVR_IRQHandler
                0x0000000008000330                DMA1_Stream1_IRQHandler
                0x0000000008000330                TIM16_IRQHandler
                0x0000000008000330                UART4_IRQHandler
                0x0000000008000330                BDMA_Channel5_IRQHandler
                0x0000000008000330                TIM3_IRQHandler
                0x0000000008000330                RCC_IRQHandler
                0x0000000008000330                TIM8_BRK_TIM12_IRQHandler
                0x0000000008000330                TIM1_TRG_COM_IRQHandler
                0x0000000008000330                Default_Handler
                0x0000000008000330                ECC_IRQHandler
                0x0000000008000330                CEC_IRQHandler
                0x0000000008000330                BDMA_Channel0_IRQHandler
                0x0000000008000330                ADC_IRQHandler
                0x0000000008000330                DMA1_Stream7_IRQHandler
                0x0000000008000330                HRTIM1_TIMA_IRQHandler
                0x0000000008000330                SPI5_IRQHandler
                0x0000000008000330                TIM7_IRQHandler
                0x0000000008000330                SDMMC1_IRQHandler
                0x0000000008000330                TIM5_IRQHandler
                0x0000000008000330                DMA2_Stream7_IRQHandler
                0x0000000008000330                TIM15_IRQHandler
                0x0000000008000330                PVD_AVD_IRQHandler
                0x0000000008000330                I2C3_EV_IRQHandler
                0x0000000008000330                EXTI9_5_IRQHandler
                0x0000000008000330                RTC_WKUP_IRQHandler
                0x0000000008000330                LTDC_IRQHandler
                0x0000000008000330                SAI3_IRQHandler
                0x0000000008000330                ETH_WKUP_IRQHandler
                0x0000000008000330                SPDIF_RX_IRQHandler
                0x0000000008000330                SPI2_IRQHandler
                0x0000000008000330                OTG_HS_EP1_IN_IRQHandler
                0x0000000008000330                DMA1_Stream0_IRQHandler
                0x0000000008000330                CRS_IRQHandler
                0x0000000008000330                EXTI4_IRQHandler
                0x0000000008000330                RNG_IRQHandler
                0x0000000008000330                HRTIM1_TIMB_IRQHandler
                0x0000000008000330                FDCAN2_IT1_IRQHandler
                0x0000000008000330                ETH_IRQHandler
                0x0000000008000330                TIM1_UP_IRQHandler
                0x0000000008000330                BDMA_Channel4_IRQHandler
                0x0000000008000330                OTG_HS_EP1_OUT_IRQHandler
                0x0000000008000330                WWDG_IRQHandler
                0x0000000008000330                SPI6_IRQHandler
                0x0000000008000330                MDIOS_IRQHandler
                0x0000000008000330                I2C4_EV_IRQHandler
                0x0000000008000330                FDCAN2_IT0_IRQHandler
                0x0000000008000330                LPUART1_IRQHandler
                0x0000000008000330                FDCAN1_IT0_IRQHandler
                0x0000000008000330                TIM2_IRQHandler
                0x0000000008000330                OTG_FS_WKUP_IRQHandler
                0x0000000008000330                OTG_HS_IRQHandler
                0x0000000008000330                DMA2D_IRQHandler
                0x0000000008000330                TIM1_BRK_IRQHandler
                0x0000000008000330                EXTI1_IRQHandler
                0x0000000008000330                SDMMC2_IRQHandler
                0x0000000008000330                OTG_FS_EP1_OUT_IRQHandler
                0x0000000008000330                BDMA_Channel3_IRQHandler
                0x0000000008000330                UART7_IRQHandler
                0x0000000008000330                MDIOS_WKUP_IRQHandler
                0x0000000008000330                USART2_IRQHandler
                0x0000000008000330                DFSDM1_FLT0_IRQHandler
                0x0000000008000330                SAI4_IRQHandler
                0x0000000008000330                I2C2_ER_IRQHandler
                0x0000000008000330                DMA2_Stream1_IRQHandler
                0x0000000008000330                FLASH_IRQHandler
                0x0000000008000330                DMA2_Stream4_IRQHandler
                0x0000000008000330                USART1_IRQHandler
                0x0000000008000330                OTG_FS_IRQHandler
                0x0000000008000330                SPI3_IRQHandler
                0x0000000008000330                WAKEUP_PIN_IRQHandler
                0x0000000008000330                DMA1_Stream4_IRQHandler
                0x0000000008000330                OTG_FS_EP1_IN_IRQHandler
                0x0000000008000330                I2C1_ER_IRQHandler
                0x0000000008000330                FMC_IRQHandler
                0x0000000008000330                FDCAN_CAL_IRQHandler
                0x0000000008000330                SWPMI1_IRQHandler
                0x0000000008000330                COMP1_IRQHandler
                0x0000000008000330                LPTIM1_IRQHandler
                0x0000000008000330                I2C4_ER_IRQHandler
                0x0000000008000330                DMA2_Stream6_IRQHandler
                0x0000000008000330                SAI1_IRQHandler
                0x0000000008000330                DMA1_Stream3_IRQHandler
 *fill*         0x0000000008000332        0x2 
 .text.SemaphoreTest
                0x0000000008000334       0x20 Application/User/main.o
 .text.startup.main
                0x0000000008000354      0x164 Application/User/main.o
                0x0000000008000354                main
 .text.HAL_GPIO_EXTI_Callback
                0x00000000080004b8        0xc Application/User/main.o
                0x00000000080004b8                HAL_GPIO_EXTI_Callback
 .text.HAL_InitTick
                0x00000000080004c4       0x98 Application/User/stm32h7xx_hal_timebase_tim.o
                0x00000000080004c4                HAL_InitTick
 .text.HAL_TIM_PeriodElapsedCallback
                0x000000000800055c        0x4 Application/User/stm32h7xx_hal_timebase_tim.o
                0x000000000800055c                HAL_TIM_PeriodElapsedCallback
 .text.TIM6_DAC_IRQHandler
                0x0000000008000560        0xc Application/User/stm32h7xx_hal_timebase_tim.o
                0x0000000008000560                TIM6_DAC_IRQHandler
 .text.NMI_Handler
                0x000000000800056c        0x2 Application/User/stm32h7xx_it.o
                0x000000000800056c                NMI_Handler
 .text.HardFault_Handler
                0x000000000800056e        0x2 Application/User/stm32h7xx_it.o
                0x000000000800056e                HardFault_Handler
 .text.MemManage_Handler
                0x0000000008000570        0x2 Application/User/stm32h7xx_it.o
                0x0000000008000570                MemManage_Handler
 .text.BusFault_Handler
                0x0000000008000572        0x2 Application/User/stm32h7xx_it.o
                0x0000000008000572                BusFault_Handler
 .text.UsageFault_Handler
                0x0000000008000574        0x2 Application/User/stm32h7xx_it.o
                0x0000000008000574                UsageFault_Handler
 .text.DebugMon_Handler
                0x0000000008000576        0x2 Application/User/stm32h7xx_it.o
                0x0000000008000576                DebugMon_Handler
 .text.SysTick_Handler
                0x0000000008000578        0x4 Application/User/stm32h7xx_it.o
                0x0000000008000578                SysTick_Handler
 .text.EXTI15_10_IRQHandler
                0x000000000800057c        0x8 Application/User/stm32h7xx_it.o
                0x000000000800057c                EXTI15_10_IRQHandler
 .text.BSP_LED_Init
                0x0000000008000584       0x94 Drivers/BSP/STM32H7xx_Nucleo/stm32h7xx_nucleo.o
                0x0000000008000584                BSP_LED_Init
 .text.BSP_LED_Toggle
                0x0000000008000618       0x24 Drivers/BSP/STM32H7xx_Nucleo/stm32h7xx_nucleo.o
                0x0000000008000618                BSP_LED_Toggle
 .text.BSP_PB_Init
                0x000000000800063c       0x8c Drivers/BSP/STM32H7xx_Nucleo/stm32h7xx_nucleo.o
                0x000000000800063c                BSP_PB_Init
 .text.BSP_PB_Callback
                0x00000000080006c8        0x2 Drivers/BSP/STM32H7xx_Nucleo/stm32h7xx_nucleo.o
                0x00000000080006c8                BSP_PB_Callback
 .text.BUTTON_USER_EXTI_Callback
                0x00000000080006ca        0xa Drivers/BSP/STM32H7xx_Nucleo/stm32h7xx_nucleo.o
 .text.SystemInit
                0x00000000080006d4       0x84 Drivers/CMSIS/system_stm32h7xx.o
                0x00000000080006d4                SystemInit
 .text.HAL_MspInit
                0x0000000008000758        0x2 Drivers/STM32H7xx_HAL_Driver/stm32h7xx_hal.o
                0x0000000008000758                HAL_MspInit
 *fill*         0x000000000800075a        0x2 
 .text.HAL_Init
                0x000000000800075c       0x5c Drivers/STM32H7xx_HAL_Driver/stm32h7xx_hal.o
                0x000000000800075c                HAL_Init
 .text.HAL_IncTick
                0x00000000080007b8       0x18 Drivers/STM32H7xx_HAL_Driver/stm32h7xx_hal.o
                0x00000000080007b8                HAL_IncTick
 .text.HAL_GetTick
                0x00000000080007d0        0xc Drivers/STM32H7xx_HAL_Driver/stm32h7xx_hal.o
                0x00000000080007d0                HAL_GetTick
 .text.HAL_GetREVID
                0x00000000080007dc        0xc Drivers/STM32H7xx_HAL_Driver/stm32h7xx_hal.o
                0x00000000080007dc                HAL_GetREVID
 .text.HAL_NVIC_SetPriorityGrouping
                0x00000000080007e8       0x24 Drivers/STM32H7xx_HAL_Driver/stm32h7xx_hal_cortex.o
                0x00000000080007e8                HAL_NVIC_SetPriorityGrouping
 .text.HAL_NVIC_SetPriority
                0x000000000800080c       0x64 Drivers/STM32H7xx_HAL_Driver/stm32h7xx_hal_cortex.o
                0x000000000800080c                HAL_NVIC_SetPriority
 .text.HAL_NVIC_EnableIRQ
                0x0000000008000870       0x1c Drivers/STM32H7xx_HAL_Driver/stm32h7xx_hal_cortex.o
                0x0000000008000870                HAL_NVIC_EnableIRQ
 .text.HAL_EXTI_RegisterCallback
                0x000000000800088c        0xe Drivers/STM32H7xx_HAL_Driver/stm32h7xx_hal_exti.o
                0x000000000800088c                HAL_EXTI_RegisterCallback
 .text.HAL_EXTI_GetHandle
                0x000000000800089a        0xc Drivers/STM32H7xx_HAL_Driver/stm32h7xx_hal_exti.o
                0x000000000800089a                HAL_EXTI_GetHandle
 *fill*         0x00000000080008a6        0x2 
 .text.HAL_GPIO_Init
                0x00000000080008a8      0x1d4 Drivers/STM32H7xx_HAL_Driver/stm32h7xx_hal_gpio.o
                0x00000000080008a8                HAL_GPIO_Init
 .text.HAL_GPIO_WritePin
                0x0000000008000a7c        0xa Drivers/STM32H7xx_HAL_Driver/stm32h7xx_hal_gpio.o
                0x0000000008000a7c                HAL_GPIO_WritePin
 .text.HAL_GPIO_TogglePin
                0x0000000008000a86        0xe Drivers/STM32H7xx_HAL_Driver/stm32h7xx_hal_gpio.o
                0x0000000008000a86                HAL_GPIO_TogglePin
 .text.HAL_GPIO_EXTI_IRQHandler
                0x0000000008000a94       0x18 Drivers/STM32H7xx_HAL_Driver/stm32h7xx_hal_gpio.o
                0x0000000008000a94                HAL_GPIO_EXTI_IRQHandler
 .text.HAL_PWREx_ConfigSupply
                0x0000000008000aac       0x48 Drivers/STM32H7xx_HAL_Driver/stm32h7xx_hal_pwr_ex.o
                0x0000000008000aac                HAL_PWREx_ConfigSupply
 .text.HAL_RCC_OscConfig
                0x0000000008000af4      0x530 Drivers/STM32H7xx_HAL_Driver/stm32h7xx_hal_rcc.o
                0x0000000008000af4                HAL_RCC_OscConfig
 .text.HAL_RCC_GetSysClockFreq
                0x0000000008001024      0x138 Drivers/STM32H7xx_HAL_Driver/stm32h7xx_hal_rcc.o
                0x0000000008001024                HAL_RCC_GetSysClockFreq
 .text.HAL_RCC_ClockConfig
                0x000000000800115c      0x24c Drivers/STM32H7xx_HAL_Driver/stm32h7xx_hal_rcc.o
                0x000000000800115c                HAL_RCC_ClockConfig
 .text.HAL_RCC_GetHCLKFreq
                0x00000000080013a8       0x44 Drivers/STM32H7xx_HAL_Driver/stm32h7xx_hal_rcc.o
                0x00000000080013a8                HAL_RCC_GetHCLKFreq
 .text.HAL_RCC_GetPCLK1Freq
                0x00000000080013ec       0x24 Drivers/STM32H7xx_HAL_Driver/stm32h7xx_hal_rcc.o
                0x00000000080013ec                HAL_RCC_GetPCLK1Freq
 .text.HAL_RCC_GetClockConfig
                0x0000000008001410       0x54 Drivers/STM32H7xx_HAL_Driver/stm32h7xx_hal_rcc.o
                0x0000000008001410                HAL_RCC_GetClockConfig
 .text.HAL_TIM_Base_MspInit
                0x0000000008001464        0x2 Drivers/STM32H7xx_HAL_Driver/stm32h7xx_hal_tim.o
                0x0000000008001464                HAL_TIM_Base_MspInit
 *fill*         0x0000000008001466        0x2 
 .text.HAL_TIM_Base_Start_IT
                0x0000000008001468       0x3c Drivers/STM32H7xx_HAL_Driver/stm32h7xx_hal_tim.o
                0x0000000008001468                HAL_TIM_Base_Start_IT
 .text.HAL_TIM_OC_DelayElapsedCallback
                0x00000000080014a4        0x2 Drivers/STM32H7xx_HAL_Driver/stm32h7xx_hal_tim.o
                0x00000000080014a4                HAL_TIM_OC_DelayElapsedCallback
 .text.HAL_TIM_IC_CaptureCallback
                0x00000000080014a6        0x2 Drivers/STM32H7xx_HAL_Driver/stm32h7xx_hal_tim.o
                0x00000000080014a6                HAL_TIM_IC_CaptureCallback
 .text.HAL_TIM_PWM_PulseFinishedCallback
                0x00000000080014a8        0x2 Drivers/STM32H7xx_HAL_Driver/stm32h7xx_hal_tim.o
                0x00000000080014a8                HAL_TIM_PWM_PulseFinishedCallback
 .text.HAL_TIM_TriggerCallback
                0x00000000080014aa        0x2 Drivers/STM32H7xx_HAL_Driver/stm32h7xx_hal_tim.o
                0x00000000080014aa                HAL_TIM_TriggerCallback
 .text.HAL_TIM_IRQHandler
                0x00000000080014ac      0x160 Drivers/STM32H7xx_HAL_Driver/stm32h7xx_hal_tim.o
                0x00000000080014ac                HAL_TIM_IRQHandler
 .text.TIM_Base_SetConfig
                0x000000000800160c       0xcc Drivers/STM32H7xx_HAL_Driver/stm32h7xx_hal_tim.o
                0x000000000800160c                TIM_Base_SetConfig
 .text.HAL_TIM_Base_Init
                0x00000000080016d8       0x60 Drivers/STM32H7xx_HAL_Driver/stm32h7xx_hal_tim.o
                0x00000000080016d8                HAL_TIM_Base_Init
 .text.HAL_TIMEx_CommutCallback
                0x0000000008001738        0x2 Drivers/STM32H7xx_HAL_Driver/stm32h7xx_hal_tim_ex.o
                0x0000000008001738                HAL_TIMEx_CommutCallback
 .text.HAL_TIMEx_BreakCallback
                0x000000000800173a        0x2 Drivers/STM32H7xx_HAL_Driver/stm32h7xx_hal_tim_ex.o
                0x000000000800173a                HAL_TIMEx_BreakCallback
 .text.HAL_TIMEx_Break2Callback
                0x000000000800173c        0x2 Drivers/STM32H7xx_HAL_Driver/stm32h7xx_hal_tim_ex.o
                0x000000000800173c                HAL_TIMEx_Break2Callback
 .text.osKernelStart
                0x000000000800173e        0xa Middlewares/FreeRTOS/CMSIS-RTOS/cmsis_os.o
                0x000000000800173e                osKernelStart
 .text.osThreadCreate
                0x0000000008001748       0x30 Middlewares/FreeRTOS/CMSIS-RTOS/cmsis_os.o
                0x0000000008001748                osThreadCreate
 .text.osMutexRelease
                0x0000000008001778       0x48 Middlewares/FreeRTOS/CMSIS-RTOS/cmsis_os.o
                0x0000000008001778                osMutexRelease
 .text.osSemaphoreCreate
                0x00000000080017c0       0x2a Middlewares/FreeRTOS/CMSIS-RTOS/cmsis_os.o
                0x00000000080017c0                osSemaphoreCreate
 *fill*         0x00000000080017ea        0x2 
 .text.osSemaphoreWait
                0x00000000080017ec       0x4c Middlewares/FreeRTOS/CMSIS-RTOS/cmsis_os.o
                0x00000000080017ec                osSemaphoreWait
 .text.osSemaphoreRelease
                0x0000000008001838        0x4 Middlewares/FreeRTOS/CMSIS-RTOS/cmsis_os.o
                0x0000000008001838                osSemaphoreRelease
 .text.osSystickHandler
                0x000000000800183c       0x14 Middlewares/FreeRTOS/CMSIS-RTOS/cmsis_os.o
                0x000000000800183c                osSystickHandler
 .text.vListInitialise
                0x0000000008001850       0x16 Middlewares/FreeRTOS/list.o
                0x0000000008001850                vListInitialise
 .text.vListInitialiseItem
                0x0000000008001866        0x6 Middlewares/FreeRTOS/list.o
                0x0000000008001866                vListInitialiseItem
 .text.vListInsertEnd
                0x000000000800186c       0x18 Middlewares/FreeRTOS/list.o
                0x000000000800186c                vListInsertEnd
 .text.vListInsert
                0x0000000008001884       0x2e Middlewares/FreeRTOS/list.o
                0x0000000008001884                vListInsert
 .text.uxListRemove
                0x00000000080018b2       0x22 Middlewares/FreeRTOS/list.o
                0x00000000080018b2                uxListRemove
 .text.prvIsQueueEmpty
                0x00000000080018d4       0x16 Middlewares/FreeRTOS/queue.o
 .text.prvCopyDataToQueue
                0x00000000080018ea       0x66 Middlewares/FreeRTOS/queue.o
 .text.prvCopyDataFromQueue
                0x0000000008001950       0x2a Middlewares/FreeRTOS/queue.o
 .text.prvUnlockQueue
                0x000000000800197a       0x70 Middlewares/FreeRTOS/queue.o
 *fill*         0x00000000080019ea        0x2 
 .text.xQueueGenericReset
                0x00000000080019ec       0x80 Middlewares/FreeRTOS/queue.o
                0x00000000080019ec                xQueueGenericReset
 .text.xQueueGenericCreate
                0x0000000008001a6c       0x48 Middlewares/FreeRTOS/queue.o
                0x0000000008001a6c                xQueueGenericCreate
 .text.xQueueCreateCountingSemaphore
                0x0000000008001ab4       0x3c Middlewares/FreeRTOS/queue.o
                0x0000000008001ab4                xQueueCreateCountingSemaphore
 .text.xQueueGenericSend
                0x0000000008001af0      0x164 Middlewares/FreeRTOS/queue.o
                0x0000000008001af0                xQueueGenericSend
 .text.xQueueGiveFromISR
                0x0000000008001c54       0xa8 Middlewares/FreeRTOS/queue.o
                0x0000000008001c54                xQueueGiveFromISR
 .text.xQueueSemaphoreTake
                0x0000000008001cfc      0x184 Middlewares/FreeRTOS/queue.o
                0x0000000008001cfc                xQueueSemaphoreTake
 .text.xQueueReceiveFromISR
                0x0000000008001e80       0x9e Middlewares/FreeRTOS/queue.o
                0x0000000008001e80                xQueueReceiveFromISR
 *fill*         0x0000000008001f1e        0x2 
 .text.prvResetNextTaskUnblockTime
                0x0000000008001f20       0x20 Middlewares/FreeRTOS/tasks.o
 .text.prvAddCurrentTaskToDelayedList
                0x0000000008001f40       0x68 Middlewares/FreeRTOS/tasks.o
 .text.prvIdleTask
                0x0000000008001fa8       0x54 Middlewares/FreeRTOS/tasks.o
 .text.xTaskCreate
                0x0000000008001ffc      0x184 Middlewares/FreeRTOS/tasks.o
                0x0000000008001ffc                xTaskCreate
 .text.vTaskStartScheduler
                0x0000000008002180       0x6c Middlewares/FreeRTOS/tasks.o
                0x0000000008002180                vTaskStartScheduler
 .text.vTaskSuspendAll
                0x00000000080021ec       0x14 Middlewares/FreeRTOS/tasks.o
                0x00000000080021ec                vTaskSuspendAll
 .text.xTaskIncrementTick
                0x0000000008002200       0xe8 Middlewares/FreeRTOS/tasks.o
                0x0000000008002200                xTaskIncrementTick
 .text.xTaskResumeAll
                0x00000000080022e8       0xd4 Middlewares/FreeRTOS/tasks.o
                0x00000000080022e8                xTaskResumeAll
 .text.vTaskSwitchContext
                0x00000000080023bc       0x64 Middlewares/FreeRTOS/tasks.o
                0x00000000080023bc                vTaskSwitchContext
 .text.vTaskPlaceOnEventList
                0x0000000008002420       0x34 Middlewares/FreeRTOS/tasks.o
                0x0000000008002420                vTaskPlaceOnEventList
 .text.xTaskRemoveFromEventList
                0x0000000008002454       0x74 Middlewares/FreeRTOS/tasks.o
                0x0000000008002454                xTaskRemoveFromEventList
 .text.vTaskInternalSetTimeOutState
                0x00000000080024c8       0x14 Middlewares/FreeRTOS/tasks.o
                0x00000000080024c8                vTaskInternalSetTimeOutState
 .text.xTaskCheckForTimeOut
                0x00000000080024dc       0x74 Middlewares/FreeRTOS/tasks.o
                0x00000000080024dc                xTaskCheckForTimeOut
 .text.vTaskMissedYield
                0x0000000008002550       0x10 Middlewares/FreeRTOS/tasks.o
                0x0000000008002550                vTaskMissedYield
 .text.xTaskGetSchedulerState
                0x0000000008002560       0x20 Middlewares/FreeRTOS/tasks.o
                0x0000000008002560                xTaskGetSchedulerState
 .text.xTaskPriorityInherit
                0x0000000008002580       0xa0 Middlewares/FreeRTOS/tasks.o
                0x0000000008002580                xTaskPriorityInherit
 .text.xTaskPriorityDisinherit
                0x0000000008002620       0x9c Middlewares/FreeRTOS/tasks.o
                0x0000000008002620                xTaskPriorityDisinherit
 .text.vTaskPriorityDisinheritAfterTimeout
                0x00000000080026bc       0xb4 Middlewares/FreeRTOS/tasks.o
                0x00000000080026bc                vTaskPriorityDisinheritAfterTimeout
 .text.pvTaskIncrementMutexHeldCount
                0x0000000008002770       0x18 Middlewares/FreeRTOS/tasks.o
                0x0000000008002770                pvTaskIncrementMutexHeldCount
 .text.unlikely.prvInsertBlockIntoFreeList
                0x0000000008002788       0x44 Middlewares/FreeRTOS/portable/heap_4.o
 .text.pvPortMalloc
                0x00000000080027cc      0x10c Middlewares/FreeRTOS/portable/heap_4.o
                0x00000000080027cc                pvPortMalloc
 .text.vPortFree
                0x00000000080028d8       0x70 Middlewares/FreeRTOS/portable/heap_4.o
                0x00000000080028d8                vPortFree
 .text.prvTaskExitError
                0x0000000008002948       0x40 Middlewares/FreeRTOS/portable/port.o
 .text.unlikely.prvPortStartFirstTask
                0x0000000008002988       0x28 Middlewares/FreeRTOS/portable/port.o
 .text.unlikely.vPortEnableVFP
                0x00000000080029b0       0x14 Middlewares/FreeRTOS/portable/port.o
 .text.pxPortInitialiseStack
                0x00000000080029c4       0x24 Middlewares/FreeRTOS/portable/port.o
                0x00000000080029c4                pxPortInitialiseStack
 *fill*         0x00000000080029e8        0x8 
 .text.SVC_Handler
                0x00000000080029f0       0x24 Middlewares/FreeRTOS/portable/port.o
                0x00000000080029f0                SVC_Handler
 .text.vPortEnterCritical
                0x0000000008002a14       0x44 Middlewares/FreeRTOS/portable/port.o
                0x0000000008002a14                vPortEnterCritical
 .text.vPortExitCritical
                0x0000000008002a58       0x28 Middlewares/FreeRTOS/portable/port.o
                0x0000000008002a58                vPortExitCritical
 .text.PendSV_Handler
                0x0000000008002a80       0x64 Middlewares/FreeRTOS/portable/port.o
                0x0000000008002a80                PendSV_Handler
 .text.xPortSysTickHandler
                0x0000000008002ae4       0x2c Middlewares/FreeRTOS/portable/port.o
                0x0000000008002ae4                xPortSysTickHandler
 .text.vPortSetupTimerInterrupt
                0x0000000008002b10       0x34 Middlewares/FreeRTOS/portable/port.o
                0x0000000008002b10                vPortSetupTimerInterrupt
 .text.xPortStartScheduler
                0x0000000008002b44      0x104 Middlewares/FreeRTOS/portable/port.o
                0x0000000008002b44                xPortStartScheduler
 .text.vPortValidateInterruptPriority
                0x0000000008002c48       0x54 Middlewares/FreeRTOS/portable/port.o
                0x0000000008002c48                vPortValidateInterruptPriority
 .text.__libc_init_array
                0x0000000008002c9c       0x48 c:/st/stm32cubeide_1.3.0/stm32cubeide/plugins/com.st.stm32cube.ide.mcu.externaltools.gnu-tools-for-stm32.7-2018-q2-update.win32_1.4.0.202007081208/tools/bin/../lib/gcc/arm-none-eabi/7.3.1/../../../../arm-none-eabi/lib/thumb/v7e-m/fpv5/hard\libc_nano.a(lib_a-init.o)
                0x0000000008002c9c                __libc_init_array
 .text.memcpy   0x0000000008002ce4       0x16 c:/st/stm32cubeide_1.3.0/stm32cubeide/plugins/com.st.stm32cube.ide.mcu.externaltools.gnu-tools-for-stm32.7-2018-q2-update.win32_1.4.0.202007081208/tools/bin/../lib/gcc/arm-none-eabi/7.3.1/../../../../arm-none-eabi/lib/thumb/v7e-m/fpv5/hard\libc_nano.a(lib_a-memcpy-stub.o)
                0x0000000008002ce4                memcpy
 .text.memset   0x0000000008002cfa       0x10 c:/st/stm32cubeide_1.3.0/stm32cubeide/plugins/com.st.stm32cube.ide.mcu.externaltools.gnu-tools-for-stm32.7-2018-q2-update.win32_1.4.0.202007081208/tools/bin/../lib/gcc/arm-none-eabi/7.3.1/../../../../arm-none-eabi/lib/thumb/v7e-m/fpv5/hard\libc_nano.a(lib_a-memset.o)
                0x0000000008002cfa                memset
 *(.glue_7)
 .glue_7        0x0000000008002d0a        0x0 linker stubs
 *(.glue_7t)
 .glue_7t       0x0000000008002d0a        0x0 linker stubs
 *(.eh_frame)
 *fill*         0x0000000008002d0a        0x2 
 .eh_frame      0x0000000008002d0c        0x0 c:/st/stm32cubeide_1.3.0/stm32cubeide/plugins/com.st.stm32cube.ide.mcu.externaltools.gnu-tools-for-stm32.7-2018-q2-update.win32_1.4.0.202007081208/tools/bin/../lib/gcc/arm-none-eabi/7.3.1/thumb/v7e-m/fpv5/hard/crtbegin.o
 *(.init)
 .init          0x0000000008002d0c        0x4 c:/st/stm32cubeide_1.3.0/stm32cubeide/plugins/com.st.stm32cube.ide.mcu.externaltools.gnu-tools-for-stm32.7-2018-q2-update.win32_1.4.0.202007081208/tools/bin/../lib/gcc/arm-none-eabi/7.3.1/thumb/v7e-m/fpv5/hard/crti.o
                0x0000000008002d0c                _init
 .init          0x0000000008002d10        0x8 c:/st/stm32cubeide_1.3.0/stm32cubeide/plugins/com.st.stm32cube.ide.mcu.externaltools.gnu-tools-for-stm32.7-2018-q2-update.win32_1.4.0.202007081208/tools/bin/../lib/gcc/arm-none-eabi/7.3.1/thumb/v7e-m/fpv5/hard/crtn.o
 *(.fini)
 .fini          0x0000000008002d18        0x4 c:/st/stm32cubeide_1.3.0/stm32cubeide/plugins/com.st.stm32cube.ide.mcu.externaltools.gnu-tools-for-stm32.7-2018-q2-update.win32_1.4.0.202007081208/tools/bin/../lib/gcc/arm-none-eabi/7.3.1/thumb/v7e-m/fpv5/hard/crti.o
                0x0000000008002d18                _fini
 .fini          0x0000000008002d1c        0x8 c:/st/stm32cubeide_1.3.0/stm32cubeide/plugins/com.st.stm32cube.ide.mcu.externaltools.gnu-tools-for-stm32.7-2018-q2-update.win32_1.4.0.202007081208/tools/bin/../lib/gcc/arm-none-eabi/7.3.1/thumb/v7e-m/fpv5/hard/crtn.o
                0x0000000008002d24                . = ALIGN (0x4)
                0x0000000008002d24                _etext = .

.vfp11_veneer   0x0000000008002d24        0x0
 .vfp11_veneer  0x0000000008002d24        0x0 linker stubs

.v4_bx          0x0000000008002d24        0x0
 .v4_bx         0x0000000008002d24        0x0 linker stubs

.iplt           0x0000000008002d24        0x0
 .iplt          0x0000000008002d24        0x0 c:/st/stm32cubeide_1.3.0/stm32cubeide/plugins/com.st.stm32cube.ide.mcu.externaltools.gnu-tools-for-stm32.7-2018-q2-update.win32_1.4.0.202007081208/tools/bin/../lib/gcc/arm-none-eabi/7.3.1/thumb/v7e-m/fpv5/hard/crtbegin.o

.rodata         0x0000000008002d24       0x48
                0x0000000008002d24                . = ALIGN (0x4)
 *(.rodata)
 .rodata        0x0000000008002d24       0x14 Application/User/main.o
 .rodata        0x0000000008002d38       0x14 Drivers/BSP/STM32H7xx_Nucleo/stm32h7xx_nucleo.o
 .rodata        0x0000000008002d4c       0x10 Drivers/CMSIS/system_stm32h7xx.o
                0x0000000008002d4c                D1CorePrescTable
 *(.rodata*)
 .rodata.str1.1
                0x0000000008002d5c        0xb Application/User/main.o
 .rodata.str1.1
                0x0000000008002d67        0x5 Middlewares/FreeRTOS/tasks.o
                0x0000000008002d6c                . = ALIGN (0x4)

.rel.dyn        0x0000000008002d6c        0x0
 .rel.iplt      0x0000000008002d6c        0x0 c:/st/stm32cubeide_1.3.0/stm32cubeide/plugins/com.st.stm32cube.ide.mcu.externaltools.gnu-tools-for-stm32.7-2018-q2-update.win32_1.4.0.202007081208/tools/bin/../lib/gcc/arm-none-eabi/7.3.1/thumb/v7e-m/fpv5/hard/crtbegin.o

.ARM.extab
 *(.ARM.extab* .gnu.linkonce.armextab.*)

.ARM            0x0000000008002d6c        0x0
                0x0000000008002d6c                __exidx_start = .
 *(.ARM.exidx*)
                0x0000000008002d6c                __exidx_end = .

.preinit_array  0x0000000008002d6c        0x0
                0x0000000008002d6c                PROVIDE (__preinit_array_start = .)
 *(.preinit_array*)
                0x0000000008002d6c                PROVIDE (__preinit_array_end = .)

.init_array     0x0000000008002d6c        0x4
                0x0000000008002d6c                PROVIDE (__init_array_start = .)
 *(SORT_BY_NAME(.init_array.*))
 *(.init_array*)
 .init_array    0x0000000008002d6c        0x4 c:/st/stm32cubeide_1.3.0/stm32cubeide/plugins/com.st.stm32cube.ide.mcu.externaltools.gnu-tools-for-stm32.7-2018-q2-update.win32_1.4.0.202007081208/tools/bin/../lib/gcc/arm-none-eabi/7.3.1/thumb/v7e-m/fpv5/hard/crtbegin.o
                0x0000000008002d70                PROVIDE (__init_array_end = .)

.fini_array     0x0000000008002d70        0x4
                [!provide]                        PROVIDE (__fini_array_start = .)
 *(SORT_BY_NAME(.fini_array.*))
 *(.fini_array*)
 .fini_array    0x0000000008002d70        0x4 c:/st/stm32cubeide_1.3.0/stm32cubeide/plugins/com.st.stm32cube.ide.mcu.externaltools.gnu-tools-for-stm32.7-2018-q2-update.win32_1.4.0.202007081208/tools/bin/../lib/gcc/arm-none-eabi/7.3.1/thumb/v7e-m/fpv5/hard/crtbegin.o
                [!provide]                        PROVIDE (__fini_array_end = .)
                0x0000000008002d74                _sidata = LOADADDR (.data)

.data           0x0000000020000000       0x14 load address 0x0000000008002d74
                0x0000000020000000                . = ALIGN (0x4)
                0x0000000020000000                _sdata = .
 *(.data)
 .data          0x0000000020000000        0x8 Drivers/CMSIS/system_stm32h7xx.o
                0x0000000020000000                SystemCoreClock
                0x0000000020000004                SystemD2Clock
 .data          0x0000000020000008        0x8 Drivers/STM32H7xx_HAL_Driver/stm32h7xx_hal.o
                0x0000000020000008                uwTickFreq
                0x000000002000000c                uwTickPrio
 .data          0x0000000020000010        0x4 Middlewares/FreeRTOS/portable/port.o
 *(.data*)
                0x0000000020000014                . = ALIGN (0x4)
                0x0000000020000014                _edata = .

.igot.plt       0x0000000020000014        0x0 load address 0x0000000008002d88
 .igot.plt      0x0000000020000014        0x0 c:/st/stm32cubeide_1.3.0/stm32cubeide/plugins/com.st.stm32cube.ide.mcu.externaltools.gnu-tools-for-stm32.7-2018-q2-update.win32_1.4.0.202007081208/tools/bin/../lib/gcc/arm-none-eabi/7.3.1/thumb/v7e-m/fpv5/hard/crtbegin.o
                0x0000000020000014                . = ALIGN (0x4)

.bss            0x0000000020000014      0xa50 load address 0x0000000008002d88
                0x0000000020000014                _sbss = .
                0x0000000020000014                __bss_start__ = _sbss
 *(.bss)
 .bss           0x0000000020000014       0x1c c:/st/stm32cubeide_1.3.0/stm32cubeide/plugins/com.st.stm32cube.ide.mcu.externaltools.gnu-tools-for-stm32.7-2018-q2-update.win32_1.4.0.202007081208/tools/bin/../lib/gcc/arm-none-eabi/7.3.1/thumb/v7e-m/fpv5/hard/crtbegin.o
 .bss           0x0000000020000030       0x4c Application/User/stm32h7xx_hal_timebase_tim.o
 .bss           0x000000002000007c      0x12c Middlewares/FreeRTOS/tasks.o
                0x00000000200000b0                pxCurrentTCB
 .bss           0x00000000200001a8      0x818 Middlewares/FreeRTOS/portable/heap_4.o
 .bss           0x00000000200009c0        0x8 Middlewares/FreeRTOS/portable/port.o
 *(.bss*)
 *(COMMON)
 COMMON         0x00000000200009c8        0x4 Application/User/main.o
                0x00000000200009c8                osSemaphore
 COMMON         0x00000000200009cc       0x94 Drivers/BSP/STM32H7xx_Nucleo/stm32h7xx_nucleo.o
                0x00000000200009cc                hpb_exti
                0x00000000200009d4                hcom_uart
 COMMON         0x0000000020000a60        0x4 Drivers/STM32H7xx_HAL_Driver/stm32h7xx_hal.o
                0x0000000020000a60                uwTick
                0x0000000020000a64                . = ALIGN (0x4)
                0x0000000020000a64                _ebss = .
                0x0000000020000a64                __bss_end__ = _ebss

._user_heap_stack
                0x0000000020000a64      0x604 load address 0x0000000008002d88
                0x0000000020000a68                . = ALIGN (0x8)
 *fill*         0x0000000020000a64        0x4 
                [!provide]                        PROVIDE (end = .)
                [!provide]                        PROVIDE (_end = .)
                0x0000000020000c68                . = (. + _Min_Heap_Size)
 *fill*         0x0000000020000a68      0x200 
                0x0000000020001068                . = (. + _Min_Stack_Size)
 *fill*         0x0000000020000c68      0x400 
                0x0000000020001068                . = ALIGN (0x8)

/DISCARD/
 libc.a(*)
 libm.a(*)
 libgcc.a(*)

.ARM.attributes
                0x0000000000000000       0x2e
 *(.ARM.attributes)
 .ARM.attributes
                0x0000000000000000       0x20 c:/st/stm32cubeide_1.3.0/stm32cubeide/plugins/com.st.stm32cube.ide.mcu.externaltools.gnu-tools-for-stm32.7-2018-q2-update.win32_1.4.0.202007081208/tools/bin/../lib/gcc/arm-none-eabi/7.3.1/thumb/v7e-m/fpv5/hard/crti.o
 .ARM.attributes
                0x0000000000000020       0x32 c:/st/stm32cubeide_1.3.0/stm32cubeide/plugins/com.st.stm32cube.ide.mcu.externaltools.gnu-tools-for-stm32.7-2018-q2-update.win32_1.4.0.202007081208/tools/bin/../lib/gcc/arm-none-eabi/7.3.1/thumb/v7e-m/fpv5/hard/crtbegin.o
 .ARM.attributes
                0x0000000000000052       0x21 Application/SW4STM32/startup_stm32h743xx.o
 .ARM.attributes
                0x0000000000000073       0x37 Application/User/main.o
 .ARM.attributes
                0x00000000000000aa       0x37 Application/User/stm32h7xx_hal_timebase_tim.o
 .ARM.attributes
                0x00000000000000e1       0x37 Application/User/stm32h7xx_it.o
 .ARM.attributes
                0x0000000000000118       0x37 Drivers/BSP/STM32H7xx_Nucleo/stm32h7xx_nucleo.o
 .ARM.attributes
                0x000000000000014f       0x37 Drivers/CMSIS/system_stm32h7xx.o
 .ARM.attributes
                0x0000000000000186       0x37 Drivers/STM32H7xx_HAL_Driver/stm32h7xx_hal.o
 .ARM.attributes
                0x00000000000001bd       0x37 Drivers/STM32H7xx_HAL_Driver/stm32h7xx_hal_cortex.o
 .ARM.attributes
                0x00000000000001f4       0x37 Drivers/STM32H7xx_HAL_Driver/stm32h7xx_hal_exti.o
 .ARM.attributes
                0x000000000000022b       0x37 Drivers/STM32H7xx_HAL_Driver/stm32h7xx_hal_gpio.o
 .ARM.attributes
                0x0000000000000262       0x37 Drivers/STM32H7xx_HAL_Driver/stm32h7xx_hal_pwr_ex.o
 .ARM.attributes
                0x0000000000000299       0x37 Drivers/STM32H7xx_HAL_Driver/stm32h7xx_hal_rcc.o
 .ARM.attributes
                0x00000000000002d0       0x37 Drivers/STM32H7xx_HAL_Driver/stm32h7xx_hal_tim.o
 .ARM.attributes
                0x0000000000000307       0x37 Drivers/STM32H7xx_HAL_Driver/stm32h7xx_hal_tim_ex.o
 .ARM.attributes
                0x000000000000033e       0x37 Middlewares/FreeRTOS/CMSIS-RTOS/cmsis_os.o
 .ARM.attributes
                0x0000000000000375       0x37 Middlewares/FreeRTOS/list.o
 .ARM.attributes
                0x00000000000003ac       0x37 Middlewares/FreeRTOS/queue.o
 .ARM.attributes
                0x00000000000003e3       0x37 Middlewares/FreeRTOS/tasks.o
 .ARM.attributes
                0x000000000000041a       0x37 Middlewares/FreeRTOS/portable/heap_4.o
 .ARM.attributes
                0x0000000000000451       0x37 Middlewares/FreeRTOS/portable/port.o
 .ARM.attributes
                0x0000000000000488       0x32 c:/st/stm32cubeide_1.3.0/stm32cubeide/plugins/com.st.stm32cube.ide.mcu.externaltools.gnu-tools-for-stm32.7-2018-q2-update.win32_1.4.0.202007081208/tools/bin/../lib/gcc/arm-none-eabi/7.3.1/../../../../arm-none-eabi/lib/thumb/v7e-m/fpv5/hard\libc_nano.a(lib_a-init.o)
 .ARM.attributes
                0x00000000000004ba       0x32 c:/st/stm32cubeide_1.3.0/stm32cubeide/plugins/com.st.stm32cube.ide.mcu.externaltools.gnu-tools-for-stm32.7-2018-q2-update.win32_1.4.0.202007081208/tools/bin/../lib/gcc/arm-none-eabi/7.3.1/../../../../arm-none-eabi/lib/thumb/v7e-m/fpv5/hard\libc_nano.a(lib_a-memcpy-stub.o)
 .ARM.attributes
                0x00000000000004ec       0x32 c:/st/stm32cubeide_1.3.0/stm32cubeide/plugins/com.st.stm32cube.ide.mcu.externaltools.gnu-tools-for-stm32.7-2018-q2-update.win32_1.4.0.202007081208/tools/bin/../lib/gcc/arm-none-eabi/7.3.1/../../../../arm-none-eabi/lib/thumb/v7e-m/fpv5/hard\libc_nano.a(lib_a-memset.o)
 .ARM.attributes
                0x000000000000051e       0x20 c:/st/stm32cubeide_1.3.0/stm32cubeide/plugins/com.st.stm32cube.ide.mcu.externaltools.gnu-tools-for-stm32.7-2018-q2-update.win32_1.4.0.202007081208/tools/bin/../lib/gcc/arm-none-eabi/7.3.1/thumb/v7e-m/fpv5/hard/crtn.o
OUTPUT(FreeRTOS_SemaphoreFromISR.elf elf32-littlearm)

.debug_line     0x0000000000000000     0xf349
 .debug_line    0x0000000000000000       0xc7 Application/SW4STM32/startup_stm32h743xx.o
 .debug_line    0x00000000000000c7      0xb6b Application/User/main.o
 .debug_line    0x0000000000000c32      0x929 Application/User/stm32h7xx_hal_timebase_tim.o
 .debug_line    0x000000000000155b      0xb26 Application/User/stm32h7xx_it.o
 .debug_line    0x0000000000002081      0xaf6 Drivers/BSP/STM32H7xx_Nucleo/stm32h7xx_nucleo.o
 .debug_line    0x0000000000002b77      0x911 Drivers/CMSIS/system_stm32h7xx.o
 .debug_line    0x0000000000003488      0xcbc Drivers/STM32H7xx_HAL_Driver/stm32h7xx_hal.o
 .debug_line    0x0000000000004144      0xb60 Drivers/STM32H7xx_HAL_Driver/stm32h7xx_hal_cortex.o
 .debug_line    0x0000000000004ca4      0xa80 Drivers/STM32H7xx_HAL_Driver/stm32h7xx_hal_exti.o
 .debug_line    0x0000000000005724      0xab6 Drivers/STM32H7xx_HAL_Driver/stm32h7xx_hal_gpio.o
 .debug_line    0x00000000000061da      0xc48 Drivers/STM32H7xx_HAL_Driver/stm32h7xx_hal_pwr_ex.o
 .debug_line    0x0000000000006e22      0xd37 Drivers/STM32H7xx_HAL_Driver/stm32h7xx_hal_rcc.o
 .debug_line    0x0000000000007b59     0x2303 Drivers/STM32H7xx_HAL_Driver/stm32h7xx_hal_tim.o
 .debug_line    0x0000000000009e5c     0x1301 Drivers/STM32H7xx_HAL_Driver/stm32h7xx_hal_tim_ex.o
 .debug_line    0x000000000000b15d      0xd19 Middlewares/FreeRTOS/CMSIS-RTOS/cmsis_os.o
 .debug_line    0x000000000000be76      0x6ca Middlewares/FreeRTOS/list.o
 .debug_line    0x000000000000c540      0xe22 Middlewares/FreeRTOS/queue.o
 .debug_line    0x000000000000d362     0x1170 Middlewares/FreeRTOS/tasks.o
 .debug_line    0x000000000000e4d2      0x789 Middlewares/FreeRTOS/portable/heap_4.o
 .debug_line    0x000000000000ec5b      0x6ee Middlewares/FreeRTOS/portable/port.o

.debug_info     0x0000000000000000    0x2226b
 .debug_info    0x0000000000000000       0x22 Application/SW4STM32/startup_stm32h743xx.o
 .debug_info    0x0000000000000022     0x1e92 Application/User/main.o
 .debug_info    0x0000000000001eb4     0x1ada Application/User/stm32h7xx_hal_timebase_tim.o
 .debug_info    0x000000000000398e     0x11d8 Application/User/stm32h7xx_it.o
 .debug_info    0x0000000000004b66     0x246a Drivers/BSP/STM32H7xx_Nucleo/stm32h7xx_nucleo.o
 .debug_info    0x0000000000006fd0     0x139e Drivers/CMSIS/system_stm32h7xx.o
 .debug_info    0x000000000000836e     0x1f43 Drivers/STM32H7xx_HAL_Driver/stm32h7xx_hal.o
 .debug_info    0x000000000000a2b1     0x1c0c Drivers/STM32H7xx_HAL_Driver/stm32h7xx_hal_cortex.o
 .debug_info    0x000000000000bebd     0x1357 Drivers/STM32H7xx_HAL_Driver/stm32h7xx_hal_exti.o
 .debug_info    0x000000000000d214     0x1678 Drivers/STM32H7xx_HAL_Driver/stm32h7xx_hal_gpio.o
 .debug_info    0x000000000000e88c     0x1a14 Drivers/STM32H7xx_HAL_Driver/stm32h7xx_hal_pwr_ex.o
 .debug_info    0x00000000000102a0     0x1ac9 Drivers/STM32H7xx_HAL_Driver/stm32h7xx_hal_rcc.o
 .debug_info    0x0000000000011d69     0x44ae Drivers/STM32H7xx_HAL_Driver/stm32h7xx_hal_tim.o
 .debug_info    0x0000000000016217     0x2278 Drivers/STM32H7xx_HAL_Driver/stm32h7xx_hal_tim_ex.o
 .debug_info    0x000000000001848f     0x26ad Middlewares/FreeRTOS/CMSIS-RTOS/cmsis_os.o
 .debug_info    0x000000000001ab3c      0xac8 Middlewares/FreeRTOS/list.o
 .debug_info    0x000000000001b604     0x2841 Middlewares/FreeRTOS/queue.o
 .debug_info    0x000000000001de45     0x3219 Middlewares/FreeRTOS/tasks.o
 .debug_info    0x000000000002105e      0xca2 Middlewares/FreeRTOS/portable/heap_4.o
 .debug_info    0x0000000000021d00      0x56b Middlewares/FreeRTOS/portable/port.o

.debug_abbrev   0x0000000000000000     0x3ce9
 .debug_abbrev  0x0000000000000000       0x12 Application/SW4STM32/startup_stm32h743xx.o
 .debug_abbrev  0x0000000000000012      0x372 Application/User/main.o
 .debug_abbrev  0x0000000000000384      0x2aa Application/User/stm32h7xx_hal_timebase_tim.o
 .debug_abbrev  0x000000000000062e      0x246 Application/User/stm32h7xx_it.o
 .debug_abbrev  0x0000000000000874      0x435 Drivers/BSP/STM32H7xx_Nucleo/stm32h7xx_nucleo.o
 .debug_abbrev  0x0000000000000ca9      0x21f Drivers/CMSIS/system_stm32h7xx.o
 .debug_abbrev  0x0000000000000ec8      0x367 Drivers/STM32H7xx_HAL_Driver/stm32h7xx_hal.o
 .debug_abbrev  0x000000000000122f      0x3e1 Drivers/STM32H7xx_HAL_Driver/stm32h7xx_hal_cortex.o
 .debug_abbrev  0x0000000000001610      0x2a1 Drivers/STM32H7xx_HAL_Driver/stm32h7xx_hal_exti.o
 .debug_abbrev  0x00000000000018b1      0x2d8 Drivers/STM32H7xx_HAL_Driver/stm32h7xx_hal_gpio.o
 .debug_abbrev  0x0000000000001b89      0x354 Drivers/STM32H7xx_HAL_Driver/stm32h7xx_hal_pwr_ex.o
 .debug_abbrev  0x0000000000001edd      0x335 Drivers/STM32H7xx_HAL_Driver/stm32h7xx_hal_rcc.o
 .debug_abbrev  0x0000000000002212      0x3b6 Drivers/STM32H7xx_HAL_Driver/stm32h7xx_hal_tim.o
 .debug_abbrev  0x00000000000025c8      0x33f Drivers/STM32H7xx_HAL_Driver/stm32h7xx_hal_tim_ex.o
 .debug_abbrev  0x0000000000002907      0x475 Middlewares/FreeRTOS/CMSIS-RTOS/cmsis_os.o
 .debug_abbrev  0x0000000000002d7c      0x1ed Middlewares/FreeRTOS/list.o
 .debug_abbrev  0x0000000000002f69      0x3c5 Middlewares/FreeRTOS/queue.o
 .debug_abbrev  0x000000000000332e      0x469 Middlewares/FreeRTOS/tasks.o
 .debug_abbrev  0x0000000000003797      0x317 Middlewares/FreeRTOS/portable/heap_4.o
 .debug_abbrev  0x0000000000003aae      0x23b Middlewares/FreeRTOS/portable/port.o

.debug_aranges  0x0000000000000000      0xfc8
 .debug_aranges
                0x0000000000000000       0x28 Application/SW4STM32/startup_stm32h743xx.o
 .debug_aranges
                0x0000000000000028       0x30 Application/User/main.o
 .debug_aranges
                0x0000000000000058       0x40 Application/User/stm32h7xx_hal_timebase_tim.o
 .debug_aranges
                0x0000000000000098       0x50 Application/User/stm32h7xx_it.o
 .debug_aranges
                0x00000000000000e8       0x98 Drivers/BSP/STM32H7xx_Nucleo/stm32h7xx_nucleo.o
 .debug_aranges
                0x0000000000000180       0x28 Drivers/CMSIS/system_stm32h7xx.o
 .debug_aranges
                0x00000000000001a8      0x1b0 Drivers/STM32H7xx_HAL_Driver/stm32h7xx_hal.o
 .debug_aranges
                0x0000000000000358       0xb0 Drivers/STM32H7xx_HAL_Driver/stm32h7xx_hal_cortex.o
 .debug_aranges
                0x0000000000000408       0x60 Drivers/STM32H7xx_HAL_Driver/stm32h7xx_hal_exti.o
 .debug_aranges
                0x0000000000000468       0x58 Drivers/STM32H7xx_HAL_Driver/stm32h7xx_hal_gpio.o
 .debug_aranges
                0x00000000000004c0      0x128 Drivers/STM32H7xx_HAL_Driver/stm32h7xx_hal_pwr_ex.o
 .debug_aranges
                0x00000000000005e8       0x88 Drivers/STM32H7xx_HAL_Driver/stm32h7xx_hal_rcc.o
 .debug_aranges
                0x0000000000000670      0x2a8 Drivers/STM32H7xx_HAL_Driver/stm32h7xx_hal_tim.o
 .debug_aranges
                0x0000000000000918      0x130 Drivers/STM32H7xx_HAL_Driver/stm32h7xx_hal_tim_ex.o
 .debug_aranges
                0x0000000000000a48      0x1b0 Middlewares/FreeRTOS/CMSIS-RTOS/cmsis_os.o
 .debug_aranges
                0x0000000000000bf8       0x40 Middlewares/FreeRTOS/list.o
 .debug_aranges
                0x0000000000000c38      0x118 Middlewares/FreeRTOS/queue.o
 .debug_aranges
                0x0000000000000d50      0x1b0 Middlewares/FreeRTOS/tasks.o
 .debug_aranges
                0x0000000000000f00       0x48 Middlewares/FreeRTOS/portable/heap_4.o
 .debug_aranges
                0x0000000000000f48       0x80 Middlewares/FreeRTOS/portable/port.o

.debug_str      0x0000000000000000   0x17771f
 .debug_str     0x0000000000000000       0xe5 Application/SW4STM32/startup_stm32h743xx.o
 .debug_str     0x00000000000000e5   0x170183 Application/User/main.o
                                     0x170995 (size before relaxing)
 .debug_str     0x0000000000170268      0xddd Application/User/stm32h7xx_hal_timebase_tim.o
                                     0x16ac92 (size before relaxing)
 .debug_str     0x0000000000171045      0x124 Application/User/stm32h7xx_it.o
                                     0x170254 (size before relaxing)
 .debug_str     0x0000000000171169      0x4c3 Drivers/BSP/STM32H7xx_Nucleo/stm32h7xx_nucleo.o
                                     0x16b7bc (size before relaxing)
 .debug_str     0x000000000017162c      0x134 Drivers/CMSIS/system_stm32h7xx.o
                                     0x169e47 (size before relaxing)
 .debug_str     0x0000000000171760      0x823 Drivers/STM32H7xx_HAL_Driver/stm32h7xx_hal.o
                                     0x16ae74 (size before relaxing)
 .debug_str     0x0000000000171f83      0x35e Drivers/STM32H7xx_HAL_Driver/stm32h7xx_hal_cortex.o
                                     0x16a8a2 (size before relaxing)
 .debug_str     0x00000000001722e1      0x1cf Drivers/STM32H7xx_HAL_Driver/stm32h7xx_hal_exti.o
                                     0x169dbf (size before relaxing)
 .debug_str     0x00000000001724b0      0x1bf Drivers/STM32H7xx_HAL_Driver/stm32h7xx_hal_gpio.o
                                     0x16a026 (size before relaxing)
 .debug_str     0x000000000017266f      0x67d Drivers/STM32H7xx_HAL_Driver/stm32h7xx_hal_pwr_ex.o
                                     0x16a40e (size before relaxing)
 .debug_str     0x0000000000172cec      0x370 Drivers/STM32H7xx_HAL_Driver/stm32h7xx_hal_rcc.o
                                     0x16a2e9 (size before relaxing)
 .debug_str     0x000000000017305c      0xec2 Drivers/STM32H7xx_HAL_Driver/stm32h7xx_hal_tim.o
                                     0x16b057 (size before relaxing)
 .debug_str     0x0000000000173f1e      0x6a3 Drivers/STM32H7xx_HAL_Driver/stm32h7xx_hal_tim_ex.o
                                     0x16a99d (size before relaxing)
 .debug_str     0x00000000001745c1      0xae5 Middlewares/FreeRTOS/CMSIS-RTOS/cmsis_os.o
                                       0xde79 (size before relaxing)
 .debug_str     0x00000000001750a6      0x270 Middlewares/FreeRTOS/list.o
                                       0xa893 (size before relaxing)
 .debug_str     0x0000000000175316      0x896 Middlewares/FreeRTOS/queue.o
                                       0xc15e (size before relaxing)
 .debug_str     0x0000000000175bac     0x111d Middlewares/FreeRTOS/tasks.o
                                       0xcce8 (size before relaxing)
 .debug_str     0x0000000000176cc9      0x28b Middlewares/FreeRTOS/portable/heap_4.o
                                       0xb0a5 (size before relaxing)
 .debug_str     0x0000000000176f54      0x7cb Middlewares/FreeRTOS/portable/port.o
                                       0x8686 (size before relaxing)

.debug_ranges   0x0000000000000000     0x1460
 .debug_ranges  0x0000000000000000       0x20 Application/SW4STM32/startup_stm32h743xx.o
 .debug_ranges  0x0000000000000020       0x20 Application/User/main.o
 .debug_ranges  0x0000000000000040       0x30 Application/User/stm32h7xx_hal_timebase_tim.o
 .debug_ranges  0x0000000000000070       0x40 Application/User/stm32h7xx_it.o
 .debug_ranges  0x00000000000000b0      0x130 Drivers/BSP/STM32H7xx_Nucleo/stm32h7xx_nucleo.o
 .debug_ranges  0x00000000000001e0       0x18 Drivers/CMSIS/system_stm32h7xx.o
 .debug_ranges  0x00000000000001f8      0x1a0 Drivers/STM32H7xx_HAL_Driver/stm32h7xx_hal.o
 .debug_ranges  0x0000000000000398      0x158 Drivers/STM32H7xx_HAL_Driver/stm32h7xx_hal_cortex.o
 .debug_ranges  0x00000000000004f0       0x50 Drivers/STM32H7xx_HAL_Driver/stm32h7xx_hal_exti.o
 .debug_ranges  0x0000000000000540       0x70 Drivers/STM32H7xx_HAL_Driver/stm32h7xx_hal_gpio.o
 .debug_ranges  0x00000000000005b0      0x118 Drivers/STM32H7xx_HAL_Driver/stm32h7xx_hal_pwr_ex.o
 .debug_ranges  0x00000000000006c8       0xe8 Drivers/STM32H7xx_HAL_Driver/stm32h7xx_hal_rcc.o
 .debug_ranges  0x00000000000007b0      0x378 Drivers/STM32H7xx_HAL_Driver/stm32h7xx_hal_tim.o
 .debug_ranges  0x0000000000000b28      0x120 Drivers/STM32H7xx_HAL_Driver/stm32h7xx_hal_tim_ex.o
 .debug_ranges  0x0000000000000c48      0x1d0 Middlewares/FreeRTOS/CMSIS-RTOS/cmsis_os.o
 .debug_ranges  0x0000000000000e18       0x30 Middlewares/FreeRTOS/list.o
 .debug_ranges  0x0000000000000e48      0x260 Middlewares/FreeRTOS/queue.o
 .debug_ranges  0x00000000000010a8      0x2f8 Middlewares/FreeRTOS/tasks.o
 .debug_ranges  0x00000000000013a0       0x38 Middlewares/FreeRTOS/portable/heap_4.o
 .debug_ranges  0x00000000000013d8       0x88 Middlewares/FreeRTOS/portable/port.o

.debug_loc      0x0000000000000000     0xb1d9
 .debug_loc     0x0000000000000000       0xad Application/User/main.o
 .debug_loc     0x00000000000000ad       0xeb Application/User/stm32h7xx_hal_timebase_tim.o
 .debug_loc     0x0000000000000198      0x455 Drivers/BSP/STM32H7xx_Nucleo/stm32h7xx_nucleo.o
 .debug_loc     0x00000000000005ed      0x168 Drivers/CMSIS/system_stm32h7xx.o
 .debug_loc     0x0000000000000755      0x3e7 Drivers/STM32H7xx_HAL_Driver/stm32h7xx_hal.o
 .debug_loc     0x0000000000000b3c      0x546 Drivers/STM32H7xx_HAL_Driver/stm32h7xx_hal_cortex.o
 .debug_loc     0x0000000000001082      0x7ee Drivers/STM32H7xx_HAL_Driver/stm32h7xx_hal_exti.o
 .debug_loc     0x0000000000001870      0x2b6 Drivers/STM32H7xx_HAL_Driver/stm32h7xx_hal_gpio.o
 .debug_loc     0x0000000000001b26      0x349 Drivers/STM32H7xx_HAL_Driver/stm32h7xx_hal_pwr_ex.o
 .debug_loc     0x0000000000001e6f      0x624 Drivers/STM32H7xx_HAL_Driver/stm32h7xx_hal_rcc.o
 .debug_loc     0x0000000000002493     0x3c8b Drivers/STM32H7xx_HAL_Driver/stm32h7xx_hal_tim.o
 .debug_loc     0x000000000000611e     0x1335 Drivers/STM32H7xx_HAL_Driver/stm32h7xx_hal_tim_ex.o
 .debug_loc     0x0000000000007453     0x104b Middlewares/FreeRTOS/CMSIS-RTOS/cmsis_os.o
 .debug_loc     0x000000000000849e       0x94 Middlewares/FreeRTOS/list.o
 .debug_loc     0x0000000000008532     0x1042 Middlewares/FreeRTOS/queue.o
 .debug_loc     0x0000000000009574     0x1831 Middlewares/FreeRTOS/tasks.o
 .debug_loc     0x000000000000ada5      0x397 Middlewares/FreeRTOS/portable/heap_4.o
 .debug_loc     0x000000000000b13c       0x9d Middlewares/FreeRTOS/portable/port.o

.debug_macro    0x0000000000000000    0x39387
 .debug_macro   0x0000000000000000      0x38f Application/User/main.o
 .debug_macro   0x000000000000038f      0xa6c Application/User/main.o
 .debug_macro   0x0000000000000dfb       0xd9 Application/User/main.o
 .debug_macro   0x0000000000000ed4       0x2e Application/User/main.o
 .debug_macro   0x0000000000000f02       0x3b Application/User/main.o
 .debug_macro   0x0000000000000f3d       0x22 Application/User/main.o
 .debug_macro   0x0000000000000f5f       0x8e Application/User/main.o
 .debug_macro   0x0000000000000fed       0x51 Application/User/main.o
 .debug_macro   0x000000000000103e       0xef Application/User/main.o
 .debug_macro   0x000000000000112d       0x6a Application/User/main.o
 .debug_macro   0x0000000000001197      0x1df Application/User/main.o
 .debug_macro   0x0000000000001376       0x1c Application/User/main.o
 .debug_macro   0x0000000000001392       0x22 Application/User/main.o
 .debug_macro   0x00000000000013b4       0xdf Application/User/main.o
 .debug_macro   0x0000000000001493     0x12cd Application/User/main.o
 .debug_macro   0x0000000000002760      0x11f Application/User/main.o
 .debug_macro   0x000000000000287f       0x19 Application/User/main.o
 .debug_macro   0x0000000000002898    0x2538b Application/User/main.o
 .debug_macro   0x0000000000027c23       0x43 Application/User/main.o
 .debug_macro   0x0000000000027c66     0x3cd3 Application/User/main.o
 .debug_macro   0x000000000002b939      0x174 Application/User/main.o
 .debug_macro   0x000000000002baad       0x46 Application/User/main.o
 .debug_macro   0x000000000002baf3       0x17 Application/User/main.o
 .debug_macro   0x000000000002bb0a       0x3c Application/User/main.o
 .debug_macro   0x000000000002bb46       0x34 Application/User/main.o
 .debug_macro   0x000000000002bb7a       0x52 Application/User/main.o
 .debug_macro   0x000000000002bbcc       0x1f Application/User/main.o
 .debug_macro   0x000000000002bbeb       0x43 Application/User/main.o
 .debug_macro   0x000000000002bc2e       0x20 Application/User/main.o
 .debug_macro   0x000000000002bc4e      0x1a3 Application/User/main.o
 .debug_macro   0x000000000002bdf1      0x32a Application/User/main.o
 .debug_macro   0x000000000002c11b      0x1e1 Application/User/main.o
 .debug_macro   0x000000000002c2fc       0x54 Application/User/main.o
 .debug_macro   0x000000000002c350     0x2382 Application/User/main.o
 .debug_macro   0x000000000002e6d2     0x1009 Application/User/main.o
 .debug_macro   0x000000000002f6db      0x138 Application/User/main.o
 .debug_macro   0x000000000002f813      0x117 Application/User/main.o
 .debug_macro   0x000000000002f92a      0x3b2 Application/User/main.o
 .debug_macro   0x000000000002fcdc       0x27 Application/User/main.o
 .debug_macro   0x000000000002fd03      0x72d Application/User/main.o
 .debug_macro   0x0000000000030430      0x229 Application/User/main.o
 .debug_macro   0x0000000000030659       0x66 Application/User/main.o
 .debug_macro   0x00000000000306bf      0x3e5 Application/User/main.o
 .debug_macro   0x0000000000030aa4      0x275 Application/User/main.o
 .debug_macro   0x0000000000030d19     0x1036 Application/User/main.o
 .debug_macro   0x0000000000031d4f      0x6c5 Application/User/main.o
 .debug_macro   0x0000000000032414      0x36e Application/User/main.o
 .debug_macro   0x0000000000032782      0x3cb Application/User/main.o
 .debug_macro   0x0000000000032b4d      0x41d Application/User/main.o
 .debug_macro   0x0000000000032f6a       0x51 Application/User/main.o
 .debug_macro   0x0000000000032fbb      0x22c Application/User/main.o
 .debug_macro   0x00000000000331e7       0x64 Application/User/main.o
 .debug_macro   0x000000000003324b       0xa5 Application/User/main.o
 .debug_macro   0x00000000000332f0      0x1c5 Application/User/main.o
 .debug_macro   0x00000000000334b5      0x25f Application/User/main.o
 .debug_macro   0x0000000000033714       0x35 Application/User/main.o
 .debug_macro   0x0000000000033749      0xad7 Application/User/main.o
 .debug_macro   0x0000000000034220      0x2a0 Application/User/main.o
 .debug_macro   0x00000000000344c0      0x662 Application/User/main.o
 .debug_macro   0x0000000000034b22       0xa6 Application/User/main.o
 .debug_macro   0x0000000000034bc8      0x5a0 Application/User/main.o
 .debug_macro   0x0000000000035168       0x2e Application/User/main.o
 .debug_macro   0x0000000000035196       0x52 Application/User/main.o
 .debug_macro   0x00000000000351e8      0x137 Application/User/main.o
 .debug_macro   0x000000000003531f      0x112 Application/User/main.o
 .debug_macro   0x0000000000035431      0x15a Application/User/main.o
 .debug_macro   0x000000000003558b       0xe4 Application/User/main.o
 .debug_macro   0x000000000003566f       0x1c Application/User/main.o
 .debug_macro   0x000000000003568b       0x26 Application/User/main.o
 .debug_macro   0x00000000000356b1      0x4be Application/User/main.o
 .debug_macro   0x0000000000035b6f       0xb5 Application/User/main.o
 .debug_macro   0x0000000000035c24       0xaa Application/User/main.o
 .debug_macro   0x0000000000035cce       0x91 Application/User/main.o
 .debug_macro   0x0000000000035d5f       0x86 Application/User/main.o
 .debug_macro   0x0000000000035de5       0x7e Application/User/main.o
 .debug_macro   0x0000000000035e63       0xcf Application/User/main.o
 .debug_macro   0x0000000000035f32      0x2a9 Application/User/stm32h7xx_hal_timebase_tim.o
 .debug_macro   0x00000000000361db      0x393 Application/User/stm32h7xx_it.o
 .debug_macro   0x000000000003656e      0x2d0 Drivers/BSP/STM32H7xx_Nucleo/stm32h7xx_nucleo.o
 .debug_macro   0x000000000003683e       0x28 Drivers/BSP/STM32H7xx_Nucleo/stm32h7xx_nucleo.o
 .debug_macro   0x0000000000036866      0x2af Drivers/CMSIS/system_stm32h7xx.o
 .debug_macro   0x0000000000036b15      0x2d3 Drivers/STM32H7xx_HAL_Driver/stm32h7xx_hal.o
 .debug_macro   0x0000000000036de8      0x2a9 Drivers/STM32H7xx_HAL_Driver/stm32h7xx_hal_cortex.o
 .debug_macro   0x0000000000037091      0x2b7 Drivers/STM32H7xx_HAL_Driver/stm32h7xx_hal_exti.o
 .debug_macro   0x0000000000037348      0x2e5 Drivers/STM32H7xx_HAL_Driver/stm32h7xx_hal_gpio.o
 .debug_macro   0x000000000003762d      0x2e2 Drivers/STM32H7xx_HAL_Driver/stm32h7xx_hal_pwr_ex.o
 .debug_macro   0x000000000003790f      0x2cd Drivers/STM32H7xx_HAL_Driver/stm32h7xx_hal_rcc.o
 .debug_macro   0x0000000000037bdc      0x2aa Drivers/STM32H7xx_HAL_Driver/stm32h7xx_hal_tim.o
 .debug_macro   0x0000000000037e86      0x2a9 Drivers/STM32H7xx_HAL_Driver/stm32h7xx_hal_tim_ex.o
 .debug_macro   0x000000000003812f      0x1f3 Middlewares/FreeRTOS/CMSIS-RTOS/cmsis_os.o
 .debug_macro   0x0000000000038322       0x40 Middlewares/FreeRTOS/CMSIS-RTOS/cmsis_os.o
 .debug_macro   0x0000000000038362       0x94 Middlewares/FreeRTOS/CMSIS-RTOS/cmsis_os.o
 .debug_macro   0x00000000000383f6       0x57 Middlewares/FreeRTOS/CMSIS-RTOS/cmsis_os.o
 .debug_macro   0x000000000003844d      0x330 Middlewares/FreeRTOS/CMSIS-RTOS/cmsis_os.o
 .debug_macro   0x000000000003877d       0x10 Middlewares/FreeRTOS/CMSIS-RTOS/cmsis_os.o
 .debug_macro   0x000000000003878d       0x35 Middlewares/FreeRTOS/CMSIS-RTOS/cmsis_os.o
 .debug_macro   0x00000000000387c2       0x20 Middlewares/FreeRTOS/CMSIS-RTOS/cmsis_os.o
 .debug_macro   0x00000000000387e2      0x112 Middlewares/FreeRTOS/CMSIS-RTOS/cmsis_os.o
 .debug_macro   0x00000000000388f4       0xc7 Middlewares/FreeRTOS/CMSIS-RTOS/cmsis_os.o
 .debug_macro   0x00000000000389bb      0x17a Middlewares/FreeRTOS/list.o
 .debug_macro   0x0000000000038b35      0x209 Middlewares/FreeRTOS/queue.o
 .debug_macro   0x0000000000038d3e       0x16 Middlewares/FreeRTOS/queue.o
 .debug_macro   0x0000000000038d54       0x80 Middlewares/FreeRTOS/queue.o
 .debug_macro   0x0000000000038dd4      0x26c Middlewares/FreeRTOS/tasks.o
 .debug_macro   0x0000000000039040       0x10 Middlewares/FreeRTOS/tasks.o
 .debug_macro   0x0000000000039050      0x1a1 Middlewares/FreeRTOS/portable/heap_4.o
 .debug_macro   0x00000000000391f1      0x196 Middlewares/FreeRTOS/portable/port.o

.comment        0x0000000000000000       0x7b
 .comment       0x0000000000000000       0x7b Application/User/main.o
                                         0x7c (size before relaxing)
 .comment       0x000000000000007b       0x7c Application/User/stm32h7xx_hal_timebase_tim.o
 .comment       0x000000000000007b       0x7c Application/User/stm32h7xx_it.o
 .comment       0x000000000000007b       0x7c Drivers/BSP/STM32H7xx_Nucleo/stm32h7xx_nucleo.o
 .comment       0x000000000000007b       0x7c Drivers/CMSIS/system_stm32h7xx.o
 .comment       0x000000000000007b       0x7c Drivers/STM32H7xx_HAL_Driver/stm32h7xx_hal.o
 .comment       0x000000000000007b       0x7c Drivers/STM32H7xx_HAL_Driver/stm32h7xx_hal_cortex.o
 .comment       0x000000000000007b       0x7c Drivers/STM32H7xx_HAL_Driver/stm32h7xx_hal_exti.o
 .comment       0x000000000000007b       0x7c Drivers/STM32H7xx_HAL_Driver/stm32h7xx_hal_gpio.o
 .comment       0x000000000000007b       0x7c Drivers/STM32H7xx_HAL_Driver/stm32h7xx_hal_pwr_ex.o
 .comment       0x000000000000007b       0x7c Drivers/STM32H7xx_HAL_Driver/stm32h7xx_hal_rcc.o
 .comment       0x000000000000007b       0x7c Drivers/STM32H7xx_HAL_Driver/stm32h7xx_hal_tim.o
 .comment       0x000000000000007b       0x7c Drivers/STM32H7xx_HAL_Driver/stm32h7xx_hal_tim_ex.o
 .comment       0x000000000000007b       0x7c Middlewares/FreeRTOS/CMSIS-RTOS/cmsis_os.o
 .comment       0x000000000000007b       0x7c Middlewares/FreeRTOS/list.o
 .comment       0x000000000000007b       0x7c Middlewares/FreeRTOS/queue.o
 .comment       0x000000000000007b       0x7c Middlewares/FreeRTOS/tasks.o
 .comment       0x000000000000007b       0x7c Middlewares/FreeRTOS/portable/heap_4.o
 .comment       0x000000000000007b       0x7c Middlewares/FreeRTOS/portable/port.o

.debug_frame    0x0000000000000000     0x2d44
 .debug_frame   0x0000000000000000       0x54 Application/User/main.o
 .debug_frame   0x0000000000000054       0x70 Application/User/stm32h7xx_hal_timebase_tim.o
 .debug_frame   0x00000000000000c4       0x90 Application/User/stm32h7xx_it.o
 .debug_frame   0x0000000000000154      0x19c Drivers/BSP/STM32H7xx_Nucleo/stm32h7xx_nucleo.o
 .debug_frame   0x00000000000002f0       0x44 Drivers/CMSIS/system_stm32h7xx.o
 .debug_frame   0x0000000000000334      0x3b0 Drivers/STM32H7xx_HAL_Driver/stm32h7xx_hal.o
 .debug_frame   0x00000000000006e4      0x168 Drivers/STM32H7xx_HAL_Driver/stm32h7xx_hal_cortex.o
 .debug_frame   0x000000000000084c       0xd0 Drivers/STM32H7xx_HAL_Driver/stm32h7xx_hal_exti.o
 .debug_frame   0x000000000000091c       0xd8 Drivers/STM32H7xx_HAL_Driver/stm32h7xx_hal_gpio.o
 .debug_frame   0x00000000000009f4      0x304 Drivers/STM32H7xx_HAL_Driver/stm32h7xx_hal_pwr_ex.o
 .debug_frame   0x0000000000000cf8      0x170 Drivers/STM32H7xx_HAL_Driver/stm32h7xx_hal_rcc.o
 .debug_frame   0x0000000000000e68      0xa08 Drivers/STM32H7xx_HAL_Driver/stm32h7xx_hal_tim.o
 .debug_frame   0x0000000000001870      0x420 Drivers/STM32H7xx_HAL_Driver/stm32h7xx_hal_tim_ex.o
 .debug_frame   0x0000000000001c90      0x520 Middlewares/FreeRTOS/CMSIS-RTOS/cmsis_os.o
 .debug_frame   0x00000000000021b0       0x6c Middlewares/FreeRTOS/list.o
 .debug_frame   0x000000000000221c      0x37c Middlewares/FreeRTOS/queue.o
 .debug_frame   0x0000000000002598      0x598 Middlewares/FreeRTOS/tasks.o
 .debug_frame   0x0000000000002b30       0xa4 Middlewares/FreeRTOS/portable/heap_4.o
 .debug_frame   0x0000000000002bd4       0xfc Middlewares/FreeRTOS/portable/port.o
 .debug_frame   0x0000000000002cd0       0x2c c:/st/stm32cubeide_1.3.0/stm32cubeide/plugins/com.st.stm32cube.ide.mcu.externaltools.gnu-tools-for-stm32.7-2018-q2-update.win32_1.4.0.202007081208/tools/bin/../lib/gcc/arm-none-eabi/7.3.1/../../../../arm-none-eabi/lib/thumb/v7e-m/fpv5/hard\libc_nano.a(lib_a-init.o)
 .debug_frame   0x0000000000002cfc       0x28 c:/st/stm32cubeide_1.3.0/stm32cubeide/plugins/com.st.stm32cube.ide.mcu.externaltools.gnu-tools-for-stm32.7-2018-q2-update.win32_1.4.0.202007081208/tools/bin/../lib/gcc/arm-none-eabi/7.3.1/../../../../arm-none-eabi/lib/thumb/v7e-m/fpv5/hard\libc_nano.a(lib_a-memcpy-stub.o)
 .debug_frame   0x0000000000002d24       0x20 c:/st/stm32cubeide_1.3.0/stm32cubeide/plugins/com.st.stm32cube.ide.mcu.externaltools.gnu-tools-for-stm32.7-2018-q2-update.win32_1.4.0.202007081208/tools/bin/../lib/gcc/arm-none-eabi/7.3.1/../../../../arm-none-eabi/lib/thumb/v7e-m/fpv5/hard\libc_nano.a(lib_a-memset.o)
